case ha
a : ℕ → ℤ
apos : ∀ (n : ℕ), 0 < a n
N : ℕ
hint : ∀ (n : ℕ), N ≤ n → ∃ z, ↑z = ↑(a n) / ↑(a (n + 1)) + (↑(a (n + 1)) - ↑(a n)) / ↑(a 0)
n p : ℕ
z : ℤ
hn : N ≤ n
hp : Nat.Prime p
hz : ↑z = ↑(a n) / ↑(a (n + 1)) + (↑(a (n + 1)) - ↑(a n)) / ↑(a 0)
h_eq : (z - 1) * (a 0 * a (n + 1)) = (a n - a (n + 1)) * (a 0 - a (n + 1))
h_contra :
  (a n).natAbs.factorization p < (a (n + 1)).natAbs.factorization p ∧
    (a 0).natAbs.factorization p < (a (n + 1)).natAbs.factorization p
h_val : padicValInt p (a n) < padicValInt p (a (n + 1)) ∧ padicValInt p (a 0) < padicValInt p (a (n + 1))
h_val_rhs :
  padicValInt p (a n - a (n + 1)) = padicValInt p (a n) ∧ padicValInt p (a 0 - a (n + 1)) = padicValInt p (a 0)
⊢ ¬a n - a (n + 1) = 0
case hb
a : ℕ → ℤ
apos : ∀ (n : ℕ), 0 < a n
N : ℕ
hint : ∀ (n : ℕ), N ≤ n → ∃ z, ↑z = ↑(a n) / ↑(a (n + 1)) + (↑(a (n + 1)) - ↑(a n)) / ↑(a 0)
n p : ℕ
z : ℤ
hn : N ≤ n
hp : Nat.Prime p
hz : ↑z = ↑(a n) / ↑(a (n + 1)) + (↑(a (n + 1)) - ↑(a n)) / ↑(a 0)
h_eq : (z - 1) * (a 0 * a (n + 1)) = (a n - a (n + 1)) * (a 0 - a (n + 1))
h_contra :
  (a n).natAbs.factorization p < (a (n + 1)).natAbs.factorization p ∧
    (a 0).natAbs.factorization p < (a (n + 1)).natAbs.factorization p
h_val : padicValInt p (a n) < padicValInt p (a (n + 1)) ∧ padicValInt p (a 0) < padicValInt p (a (n + 1))
h_val_rhs :
  padicValInt p (a n - a (n + 1)) = padicValInt p (a n) ∧ padicValInt p (a 0 - a (n + 1)) = padicValInt p (a 0)
⊢ ¬a 0 - a (n + 1) = 0
.rambam/autoprove-scratch/job2018or2020.result.lean:83:6: warning: declaration uses `sorry`
.rambam/autoprove-scratch/job2018or2020.result.lean:117:28: warning: this tactic is never executed

Note: This linter can be disabled with `set_option linter.unreachableTactic false`
.rambam/autoprove-scratch/job2018or2020.result.lean:117:18: warning: 'all_goals exact ⟨hp⟩' tactic does nothing

Note: This linter can be disabled with `set_option linter.unusedTactic false`
