⚠ [3071/3396] Replayed Compfiles.Bulgaria1998P2
warning: Compfiles/Bulgaria1998P2.lean:29:8: declaration uses `sorry`
⚠ [3073/3396] Replayed Compfiles.Bulgaria1998P6
warning: Compfiles/Bulgaria1998P6.lean:29:6: declaration uses `sorry`
⚠ [3076/3396] Replayed Compfiles.CIIM2022P6
warning: Compfiles/CIIM2022P6.lean:27:8: declaration uses `sorry`
⚠ [3078/3396] Replayed Compfiles.Canada1998P5
warning: Compfiles/Canada1998P5.lean:32:8: declaration uses `sorry`
⚠ [8654/8882] Replayed Compfiles.Imo1998P6
warning: Compfiles/Imo1998P6.lean:25:8: declaration uses `sorry`
⚠ [8682/8882] Replayed Compfiles.Imo2010P3
warning: Compfiles/Imo2010P3.lean:31:8: declaration uses `sorry`
⚠ [8695/8882] Replayed Compfiles.Imo2016P5
warning: Compfiles/Imo2016P5.lean:38:8: declaration uses `sorry`
⚠ [8698/8882] Replayed Compfiles.Imo2017P6
warning: Compfiles/Imo2017P6.lean:29:8: declaration uses `sorry`
⚠ [8701/8882] Replayed Compfiles.Imo2018P5
warning: Compfiles/Imo2018P5.lean:28:8: declaration uses `sorry`
⚠ [8706/8882] Replayed Compfiles.Imo2020P3
warning: Compfiles/Imo2020P3.lean:29:8: declaration uses `sorry`
⚠ [8707/8882] Replayed Compfiles.Imo2020P5
warning: Compfiles/Imo2020P5.lean:27:10: declaration uses `sorry`
warning: Compfiles/Imo2020P5.lean:32:8: declaration uses `sorry`
⚠ [8710/8882] Replayed Compfiles.Imo2022P3
warning: Compfiles/Imo2022P3.lean:35:8: declaration uses `sorry`
⚠ [8713/8882] Replayed Compfiles.Imo2023P3
warning: Compfiles/Imo2023P3.lean:30:10: declaration uses `sorry`
warning: Compfiles/Imo2023P3.lean:32:8: declaration uses `sorry`
⚠ [8715/8882] Replayed Compfiles.Imo2023P5
warning: Compfiles/Imo2023P5.lean:45:10: declaration uses `sorry`
warning: Compfiles/Imo2023P5.lean:47:8: declaration uses `sorry`
⚠ [8744/8882] Replayed Compfiles.Usa1977P1
warning: Compfiles/Usa1977P1.lean:36:10: declaration uses `sorry`
warning: Compfiles/Usa1977P1.lean:38:8: declaration uses `sorry`
⚠ [8751/8882] Replayed Compfiles.Usa1984P5
warning: Compfiles/Usa1984P5.lean:30:10: declaration uses `sorry`
warning: Compfiles/Usa1984P5.lean:32:8: declaration uses `sorry`
⚠ [8754/8882] Replayed Compfiles.Usa1988P4
warning: Compfiles/Usa1988P4.lean:40:8: declaration uses `sorry`
⚠ [8763/8882] Replayed Compfiles.Usa1996P6
warning: Compfiles/Usa1996P6.lean:29:8: declaration uses `sorry`
⚠ [8769/8882] Replayed Compfiles.Usa1999P1
warning: Compfiles/Usa1999P1.lean:38:8: declaration uses `sorry`
⚠ [8787/8882] Replayed Compfiles.Usa2017P5
warning: Compfiles/Usa2017P5.lean:26:10: declaration uses `sorry`
warning: Compfiles/Usa2017P5.lean:31:8: declaration uses `sorry`
⚠ [8933/8985] Replayed Compfiles.Imo1988P4
warning: Compfiles/Imo1988P4.lean:25:8: declaration uses `sorry`
⚠ [8935/8985] Replayed Compfiles.Imo1989P3
warning: Compfiles/Imo1989P3.lean:28:8: declaration uses `sorry`
⚠ [8941/8985] Replayed Compfiles.Imo1997P4
warning: Compfiles/Imo1997P4.lean:36:8: declaration uses `sorry`
⚠ [8948/8985] Replayed Compfiles.Imo2004P6
warning: Compfiles/Imo2004P6.lean:24:10: declaration uses `sorry`
warning: Compfiles/Imo2004P6.lean:29:8: declaration uses `sorry`
⚠ [8952/8985] Replayed Compfiles.Imo2009P3
warning: Compfiles/Imo2009P3.lean:28:8: declaration uses `sorry`
⚠ [8958/8985] Replayed Compfiles.Imo2016P2
warning: Compfiles/Imo2016P2.lean:70:8: declaration uses `sorry`
⚠ [8962/8985] Replayed Compfiles.Imo2021P3
warning: Compfiles/Imo2021P3.lean:36:8: declaration uses `sorry`
⚠ [8963/8985] Replayed Compfiles.Imo2021P5
warning: Compfiles/Imo2021P5.lean:46:8: declaration uses `sorry`
⚠ [8966/8985] Replayed Compfiles.Imo2022P6
warning: Compfiles/Imo2022P6.lean:65:8: declaration uses `sorry`
⚠ [8968/8985] Replayed Compfiles.Imo2023P6
warning: Compfiles/Imo2023P6.lean:38:8: declaration uses `sorry`
⚠ [8970/8985] Replayed Compfiles.Imo2025P2
warning: Compfiles/Imo2025P2.lean:38:8: declaration uses `sorry`
⚠ [8972/8985] Replayed Compfiles.Imo2025P5
warning: Compfiles/Imo2025P5.lean:68:10: declaration uses `sorry`
warning: Compfiles/Imo2025P5.lean:70:8: declaration uses `sorry`
⚠ [8982/8985] Replayed Compfiles.Usa2023P5
warning: Compfiles/Usa2023P5.lean:52:8: declaration uses `sorry`
⚠ [8983/8985] Built Compfiles.Imo1970P6 (37s)
warning: Compfiles/Imo1970P6.lean:73:6: The following tactic starts with 3 goals and ends with 2 goals, 2 of which are not operated on.
  exact Finset.biUnion U fun u => Finset.image (fun t => (t, u)) (Finset.filter good (Finset.powersetCard 3 u))
Please focus on the current goal, for instance using `·` (typed as "\.").

Note: This linter can be disabled with `set_option linter.style.multiGoal false`
warning: Compfiles/Imo1970P6.lean:116:2: The following tactic starts with 2 goals and ends with 3 goals, 1 of which is not operated on.
  by_cases hy : y ≤ 0
Please focus on the current goal, for instance using `·` (typed as "\.").

Note: This linter can be disabled with `set_option linter.style.multiGoal false`
warning: Compfiles/Imo1970P6.lean:117:2: The following tactic starts with 3 goals and ends with 4 goals, 2 of which are not operated on.
  by_cases hxy : x + y ≤ 1
Please focus on the current goal, for instance using `·` (typed as "\.").

Note: This linter can be disabled with `set_option linter.style.multiGoal false`
warning: Compfiles/Imo1970P6.lean:173:10: this tactic is never executed

Note: This linter can be disabled with `set_option linter.unreachableTactic false`
warning: Compfiles/Imo1970P6.lean:173:10: 'linear_combination -h_orth' tactic does nothing

Note: This linter can be disabled with `set_option linter.unusedTactic false`
warning: Compfiles/Imo1970P6.lean:243:4: `push_neg` has been deprecated. Prefer using `push Not` instead.
If you'd rather continue using `push_neg` in your project, you can implement it as follows:
```
open Lean.Parser.Tactic in
macro "push_neg" cfg:optConfig loc:(location)? : tactic =>
  `(tactic| push $cfg:optConfig Not $[$loc]?)
```
warning: Compfiles/Imo1970P6.lean:313:6: The following tactic starts with 3 goals and ends with 2 goals, 2 of which are not operated on.
  exact U.biUnion fun u => ((u.powersetCard 3).filter good).image fun t => (t, u)
Please focus on the current goal, for instance using `·` (typed as "\.").

Note: This linter can be disabled with `set_option linter.style.multiGoal false`
warning: Compfiles/Imo1970P6.lean:440:4: The following tactic starts with 3 goals and ends with 3 goals, 2 of which are not operated on.
  convert affineIndependent_iff_not_collinear.mpr _
Please focus on the current goal, for instance using `·` (typed as "\.").

Note: This linter can be disabled with `set_option linter.style.multiGoal false`
warning: Compfiles/Imo1970P6.lean:466:2: The following tactic starts with 3 goals and ends with 4 goals, 2 of which are not operated on.
  refine' fun x => ⟨_, _⟩
Please focus on the current goal, for instance using `·` (typed as "\.").

Note: This linter can be disabled with `set_option linter.style.multiGoal false`
warning: Compfiles/Imo1970P6.lean:467:2: The following tactic starts with 4 goals and ends with 3 goals, 3 of which are not operated on.
  exact
    ⟨fun i => P (if i = 0 then x.val.1 else if i = 1 then x.val.2.1 else x.val.2.2),
      by
      rw [affineIndependent_iff_not_collinear]; convert hP x.val.1 x.val.2.1 x.val.2.2 _ using 1;
      · congr! 1;
        exact
          Set.ext fun y =>
            ⟨by rintro ⟨i, rfl⟩; fin_cases i <;> simp +decide, by
              rintro (rfl | rfl | rfl) <;> [exact ⟨0, rfl⟩; exact ⟨1, rfl⟩; exact ⟨2, rfl⟩]⟩;
      · grind⟩
Please focus on the current goal, for instance using `·` (typed as "\.").

Note: This linter can be disabled with `set_option linter.style.multiGoal false`
warning: Compfiles/Imo1970P6.lean:511:2: The following tactic starts with 3 goals and ends with 2 goals, 2 of which are not operated on.
  exact
    Σ t : { t : Finset (Fin 100) // IndexAcute P t ∧ t.card = 3 },
      { x : Fin 100 × Fin 100 × Fin 100 //
        x.1 ∈ t.val ∧ x.2.1 ∈ t.val ∧ x.2.2 ∈ t.val ∧ x.1 ≠ x.2.1 ∧ x.1 ≠ x.2.2 ∧ x.2.1 ≠ x.2.2 }
Please focus on the current goal, for instance using `·` (typed as "\.").

Note: This linter can be disabled with `set_option linter.style.multiGoal false`
warning: Compfiles/Imo1970P6.lean:518:349: The following tactic starts with 2 goals and ends with 1 goal, 1 of which is not operated on.
  simp +decide [ht_distinct]
Please focus on the current goal, for instance using `·` (typed as "\.").

Note: This linter can be disabled with `set_option linter.style.multiGoal false`
warning: Compfiles/Imo1970P6.lean:526:4: The following tactic starts with 3 goals and ends with 2 goals, 2 of which are not operated on.
  use fun x => ⟨⟨{ x.val.1, x.val.2 .1, x.val.2 .2 }, by grind +locals⟩, ⟨x.val, by aesop⟩⟩
Please focus on the current goal, for instance using `·` (typed as "\.").

Note: This linter can be disabled with `set_option linter.style.multiGoal false`
✔ [8984/8985] Built Compfiles (2.9s)
Build completed successfully (8985 jobs).
