⚠ [3071/3103] Replayed Compfiles.Bulgaria1998P2
warning: Compfiles/Bulgaria1998P2.lean:29:8: declaration uses `sorry`
⚠ [3073/3103] Replayed Compfiles.Bulgaria1998P6
warning: Compfiles/Bulgaria1998P6.lean:29:6: declaration uses `sorry`
⚠ [3076/3103] Replayed Compfiles.CIIM2022P6
warning: Compfiles/CIIM2022P6.lean:27:8: declaration uses `sorry`
⚠ [3078/3103] Replayed Compfiles.Canada1998P5
warning: Compfiles/Canada1998P5.lean:32:8: declaration uses `sorry`
⚠ [8682/8985] Replayed Compfiles.Imo2010P3
warning: Compfiles/Imo2010P3.lean:193:4: The following tactic starts with 5 goals and ends with 3 goals, 3 of which are not operated on.
  exact ne_of_gt (add_pos hM_pos (mod_cast Subtype.property (g a)))
Please focus on the current goal, for instance using `·` (typed as "\.").

Note: This linter can be disabled with `set_option linter.style.multiGoal false`
warning: Compfiles/Imo2010P3.lean:199:4: The following tactic starts with 5 goals and ends with 4 goals, 4 of which are not operated on.
  exact M + (g b : ℤ)
Please focus on the current goal, for instance using `·` (typed as "\.").

Note: This linter can be disabled with `set_option linter.style.multiGoal false`
⚠ [8698/8985] Replayed Compfiles.Imo2017P6
warning: Compfiles/Imo2017P6.lean:29:8: declaration uses `sorry`
⚠ [8705/8985] Replayed Compfiles.Imo2020P3
warning: Compfiles/Imo2020P3.lean:29:8: declaration uses `sorry`
⚠ [8706/8985] Replayed Compfiles.Imo2020P5
warning: Compfiles/Imo2020P5.lean:27:10: declaration uses `sorry`
warning: Compfiles/Imo2020P5.lean:32:8: declaration uses `sorry`
⚠ [8709/8985] Replayed Compfiles.Imo2022P3
warning: Compfiles/Imo2022P3.lean:35:8: declaration uses `sorry`
⚠ [8712/8985] Replayed Compfiles.Imo2023P3
warning: Compfiles/Imo2023P3.lean:30:10: declaration uses `sorry`
warning: Compfiles/Imo2023P3.lean:32:8: declaration uses `sorry`
⚠ [8714/8985] Replayed Compfiles.Imo2023P5
warning: Compfiles/Imo2023P5.lean:45:10: declaration uses `sorry`
warning: Compfiles/Imo2023P5.lean:47:8: declaration uses `sorry`
⚠ [8743/8985] Replayed Compfiles.Usa1977P1
warning: Compfiles/Usa1977P1.lean:36:10: declaration uses `sorry`
warning: Compfiles/Usa1977P1.lean:38:8: declaration uses `sorry`
⚠ [8750/8985] Replayed Compfiles.Usa1984P5
warning: Compfiles/Usa1984P5.lean:30:10: declaration uses `sorry`
warning: Compfiles/Usa1984P5.lean:32:8: declaration uses `sorry`
⚠ [8753/8985] Replayed Compfiles.Usa1988P4
warning: Compfiles/Usa1988P4.lean:40:8: declaration uses `sorry`
⚠ [8786/8985] Replayed Compfiles.Usa2017P5
warning: Compfiles/Usa2017P5.lean:26:10: declaration uses `sorry`
warning: Compfiles/Usa2017P5.lean:31:8: declaration uses `sorry`
⚠ [8915/8985] Replayed Compfiles.Imo1970P6
warning: Compfiles/Imo1970P6.lean:73:6: The following tactic starts with 3 goals and ends with 2 goals, 2 of which are not operated on.
  exact Finset.biUnion U fun u => Finset.image (fun t => (t, u)) (Finset.filter good (Finset.powersetCard 3 u))
Please focus on the current goal, for instance using `·` (typed as "\.").

Note: This linter can be disabled with `set_option linter.style.multiGoal false`
warning: Compfiles/Imo1970P6.lean:116:2: The following tactic starts with 2 goals and ends with 3 goals, 1 of which is not operated on.
  by_cases hy : y ≤ 0
Please focus on the current goal, for instance using `·` (typed as "\.").

Note: This linter can be disabled with `set_option linter.style.multiGoal false`
warning: Compfiles/Imo1970P6.lean:117:2: The following tactic starts with 3 goals and ends with 4 goals, 2 of which are not operated on.
  by_cases hxy : x + y ≤ 1
Please focus on the current goal, for instance using `·` (typed as "\.").

Note: This linter can be disabled with `set_option linter.style.multiGoal false`
warning: Compfiles/Imo1970P6.lean:173:10: this tactic is never executed

Note: This linter can be disabled with `set_option linter.unreachableTactic false`
warning: Compfiles/Imo1970P6.lean:173:10: 'linear_combination -h_orth' tactic does nothing

Note: This linter can be disabled with `set_option linter.unusedTactic false`
warning: Compfiles/Imo1970P6.lean:243:4: `push_neg` has been deprecated. Prefer using `push Not` instead.
If you'd rather continue using `push_neg` in your project, you can implement it as follows:
```
open Lean.Parser.Tactic in
macro "push_neg" cfg:optConfig loc:(location)? : tactic =>
  `(tactic| push $cfg:optConfig Not $[$loc]?)
```
warning: Compfiles/Imo1970P6.lean:313:6: The following tactic starts with 3 goals and ends with 2 goals, 2 of which are not operated on.
  exact U.biUnion fun u => ((u.powersetCard 3).filter good).image fun t => (t, u)
Please focus on the current goal, for instance using `·` (typed as "\.").

Note: This linter can be disabled with `set_option linter.style.multiGoal false`
warning: Compfiles/Imo1970P6.lean:440:4: The following tactic starts with 3 goals and ends with 3 goals, 2 of which are not operated on.
  convert affineIndependent_iff_not_collinear.mpr _
Please focus on the current goal, for instance using `·` (typed as "\.").

Note: This linter can be disabled with `set_option linter.style.multiGoal false`
warning: Compfiles/Imo1970P6.lean:466:2: The following tactic starts with 3 goals and ends with 4 goals, 2 of which are not operated on.
  refine' fun x => ⟨_, _⟩
Please focus on the current goal, for instance using `·` (typed as "\.").

Note: This linter can be disabled with `set_option linter.style.multiGoal false`
warning: Compfiles/Imo1970P6.lean:467:2: The following tactic starts with 4 goals and ends with 3 goals, 3 of which are not operated on.
  exact
    ⟨fun i => P (if i = 0 then x.val.1 else if i = 1 then x.val.2.1 else x.val.2.2),
      by
      rw [affineIndependent_iff_not_collinear]; convert hP x.val.1 x.val.2.1 x.val.2.2 _ using 1;
      · congr! 1;
        exact
          Set.ext fun y =>
            ⟨by rintro ⟨i, rfl⟩; fin_cases i <;> simp +decide, by
              rintro (rfl | rfl | rfl) <;> [exact ⟨0, rfl⟩; exact ⟨1, rfl⟩; exact ⟨2, rfl⟩]⟩;
      · grind⟩
Please focus on the current goal, for instance using `·` (typed as "\.").

Note: This linter can be disabled with `set_option linter.style.multiGoal false`
warning: Compfiles/Imo1970P6.lean:511:2: The following tactic starts with 3 goals and ends with 2 goals, 2 of which are not operated on.
  exact
    Σ t : { t : Finset (Fin 100) // IndexAcute P t ∧ t.card = 3 },
      { x : Fin 100 × Fin 100 × Fin 100 //
        x.1 ∈ t.val ∧ x.2.1 ∈ t.val ∧ x.2.2 ∈ t.val ∧ x.1 ≠ x.2.1 ∧ x.1 ≠ x.2.2 ∧ x.2.1 ≠ x.2.2 }
Please focus on the current goal, for instance using `·` (typed as "\.").

Note: This linter can be disabled with `set_option linter.style.multiGoal false`
warning: Compfiles/Imo1970P6.lean:518:349: The following tactic starts with 2 goals and ends with 1 goal, 1 of which is not operated on.
  simp +decide [ht_distinct]
Please focus on the current goal, for instance using `·` (typed as "\.").

Note: This linter can be disabled with `set_option linter.style.multiGoal false`
warning: Compfiles/Imo1970P6.lean:526:4: The following tactic starts with 3 goals and ends with 2 goals, 2 of which are not operated on.
  use fun x => ⟨⟨{ x.val.1, x.val.2 .1, x.val.2 .2 }, by grind +locals⟩, ⟨x.val, by aesop⟩⟩
Please focus on the current goal, for instance using `·` (typed as "\.").

Note: This linter can be disabled with `set_option linter.style.multiGoal false`
⚠ [8932/8985] Replayed Compfiles.Imo1988P4
warning: Compfiles/Imo1988P4.lean:59:18: `continuousOn_finset_sum` has been deprecated: Use `continuousOn_finsetSum` instead
warning: Compfiles/Imo1988P4.lean:67:18: `tendsto_finset_sum` has been deprecated: Use `tendsto_finsetSum` instead
warning: Compfiles/Imo1988P4.lean:76:18: `tendsto_finset_sum` has been deprecated: Use `tendsto_finsetSum` instead
warning: Compfiles/Imo1988P4.lean:106:73: `tendsto_finset_sum` has been deprecated: Use `tendsto_finsetSum` instead
warning: Compfiles/Imo1988P4.lean:165:24: Variable name `hm` is not explicitly referenced.

The binding can be removed (if unused) or named `_` (if used implicitly).

Note: This linter can be disabled with `set_option linter.unusedVariables false`
warning: Compfiles/Imo1988P4.lean:165:37: Variable name `hm'` is not explicitly referenced.

The binding can be removed (if unused) or named `_` (if used implicitly).

Note: This linter can be disabled with `set_option linter.unusedVariables false`
warning: Compfiles/Imo1988P4.lean:170:24: Variable name `hm` is not explicitly referenced.

The binding can be removed (if unused) or named `_` (if used implicitly).

Note: This linter can be disabled with `set_option linter.unusedVariables false`
warning: Compfiles/Imo1988P4.lean:170:37: Variable name `hm'` is not explicitly referenced.

The binding can be removed (if unused) or named `_` (if used implicitly).

Note: This linter can be disabled with `set_option linter.unusedVariables false`
warning: Compfiles/Imo1988P4.lean:199:72: This simp argument is unused:
  Set.Icc_def

Hint: Omit it from the simp argument list.
  simp_all +decide [̵ ̵S̵e̵t̵.̵I̵c̵c̵_̵d̵e̵f̵,̵ ̵S̵e̵t̵.̵I̵o̵c̵_̵d̵e̵f̵ ̵]̵[̲S̲e̲t̲.̲I̲o̲c̲_̲d̲e̲f̲]̲

Note: This linter can be disabled with `set_option linter.unusedSimpArgs false`
warning: Compfiles/Imo1988P4.lean:199:85: This simp argument is unused:
  Set.Ioc_def

Hint: Omit it from the simp argument list.
  simp_all +decide [̵ ̵S̵e̵t̵.̵I̵c̵c̵_̵d̵e̵f̵,̵ ̵S̵e̵t̵.̵I̵o̵c̵_̵d̵e̵f̵ ̵]̵[̲S̲e̲t̲.̲I̲c̲c̲_̲d̲e̲f̲]̲

Note: This linter can be disabled with `set_option linter.unusedSimpArgs false`
warning: Compfiles/Imo1988P4.lean:239:55: Variable name `hk` is not explicitly referenced.

The binding can be removed (if unused) or named `_` (if used implicitly).

Note: This linter can be disabled with `set_option linter.unusedVariables false`
warning: Compfiles/Imo1988P4.lean:241:45: This simp argument is unused:
  Finset.prod_eq_prod_diff_singleton_mul (show k ∈ Finset.Icc 1 70 from Finset.mem_Icc.mpr ⟨hk, hk'⟩)

Hint: Omit it from the simp argument list.
  simp_all +decide ̵[̵ ̵F̵i̵n̵s̵e̵t̵.̵p̵r̵o̵d̵_̵e̵q̵_̵p̵r̵o̵d̵_̵d̵i̵f̵f̵_̵s̵i̵n̵g̵l̵e̵t̵o̵n̵_̵m̵u̵l̵ ̵(̵ ̵s̵h̵o̵w̵ ̵k̵ ̵∈̵ ̵F̵i̵n̵s̵e̵t̵.̵I̵c̵c̵ ̵1̵ ̵7̵0̵ ̵f̵r̵o̵m̵ ̵F̵i̵n̵s̵e̵t̵.̵m̵e̵m̵_̵I̵c̵c̵.̵m̵p̵r̵ ̵⟨̵ ̵h̵k̵,̵ ̵h̵k̵'̵ ̵⟩̵ ̵)̵ ̵]̵

Note: This linter can be disabled with `set_option linter.unusedSimpArgs false`
warning: Compfiles/Imo1988P4.lean:254:13: This simp argument is unused:
  ← Polynomial.C_eq_natCast

Hint: Omit it from the simp argument list.
  simp only [̵←̵ ̵P̵o̵l̵y̵n̵o̵m̵i̵a̵l̵.̵C̵_̵e̵q̵_̵n̵a̵t̵C̵a̵s̵t̵,̵ ̵P̵o̵l̵y̵n̵o̵m̵i̵a̵l̵.̵n̵a̵t̵D̵e̵g̵r̵e̵e̵_̵X̵_̵s̵u̵b̵_̵C̵]̵[̲P̲o̲l̲y̲n̲o̲m̲i̲a̲l̲.̲n̲a̲t̲D̲e̲g̲r̲e̲e̲_̲X̲_̲s̲u̲b̲_̲C̲]̲

Note: Simp arguments with `←` have the additional effect of removing the other direction from the simp set, even if the simp argument itself is unused. If the hint above does not work, try replacing `←` with `-` to only get that effect and silence this warning.

Note: This linter can be disabled with `set_option linter.unusedSimpArgs false`
warning: Compfiles/Imo1988P4.lean:272:124: The following tactic starts with 2 goals and ends with 1 goal, 1 of which is not operated on.
  simp +decide [Polynomial.natDegree_sub_eq_left_of_natDegree_lt, *]
Please focus on the current goal, for instance using `·` (typed as "\.").

Note: This linter can be disabled with `set_option linter.style.multiGoal false`
warning: Compfiles/Imo1988P4.lean:278:8: `Polynomial.finset_sum_coeff` has been deprecated: Use `Polynomial.finsetSum_coeff` instead
warning: Compfiles/Imo1988P4.lean:279:2: The following tactic starts with 3 goals and ends with 5 goals, 1 of which is not operated on.
  convert Finset.sum_congr rfl fun i hi => ?_
Please focus on the current goal, for instance using `·` (typed as "\.").

Note: This linter can be disabled with `set_option linter.style.multiGoal false`
warning: Compfiles/Imo1988P4.lean:281:2: The following tactic starts with 5 goals and ends with 4 goals, 4 of which are not operated on.
  use fun i =>
    (i : ℝ) * Polynomial.leadingCoeff (∏ j ∈ Finset.erase (Finset.Icc 1 70) i, (Polynomial.X - Polynomial.C (j : ℝ)))
Please focus on the current goal, for instance using `·` (typed as "\.").

Note: This linter can be disabled with `set_option linter.style.multiGoal false`
warning: Compfiles/Imo1988P4.lean:282:2: The following tactic starts with 4 goals and ends with 3 goals, 3 of which are not operated on.
  use fun i => i
Please focus on the current goal, for instance using `·` (typed as "\.").

Note: This linter can be disabled with `set_option linter.style.multiGoal false`
warning: Compfiles/Imo1988P4.lean:314:31: `Polynomial.eval_finset_sum` has been deprecated: Use `Polynomial.eval_finsetSum` instead
warning: Compfiles/Imo1988P4.lean:315:59: `Polynomial.eval_finset_sum` has been deprecated: Use `Polynomial.eval_finsetSum` instead
warning: Compfiles/Imo1988P4.lean:314:31: This simp argument is unused:
  Polynomial.eval_finset_sum

Hint: Omit it from the simp argument list.
  simp +decide [̵ ̵P̵o̵l̵y̵n̵o̵m̵i̵a̵l̵.̵e̵v̵a̵l̵_̵f̵i̵n̵s̵e̵t̵_̵s̵u̵m̵,̵ ̵P̵o̵l̵y̵n̵o̵m̵i̵a̵l̵.̵e̵v̵a̵l̵_̵p̵r̵o̵d̵,̵[̲P̲o̲l̲y̲n̲o̲m̲i̲a̲l̲.̲e̲v̲a̲l̲_̲p̲r̲o̲d̲,̲ Polynomial.eval_sub, Polynomial.eval_X,
  ̲  ̲ ̲ ̲P̵o̵l̵y̵n̵o̵m̵i̵a̵l̵.̵e̵v̵a̵l̵_̵C̵ ̵]̵P̲o̲l̲y̲n̲o̲m̲i̲a̲l̲.̲e̲v̲a̲l̲_̲C̲]̲

Note: This linter can be disabled with `set_option linter.unusedSimpArgs false`
warning: Compfiles/Imo1988P4.lean:314:59: This simp argument is unused:
  Polynomial.eval_prod

Hint: Omit it from the simp argument list.
  simp +decide [̵ ̵P̵o̵l̵y̵n̵o̵m̵i̵a̵l̵.̵e̵v̵a̵l̵_̵f̵i̵n̵s̵e̵t̵_̵s̵u̵m̵,̵ ̵P̵o̵l̵y̵n̵o̵m̵i̵a̵l̵.̵e̵v̵a̵l̵_̵p̵r̵o̵d̵,̵[̲P̲o̲l̲y̲n̲o̲m̲i̲a̲l̲.̲e̲v̲a̲l̲_̲f̲i̲n̲s̲e̲t̲_̲s̲u̲m̲,̲ Polynomial.eval_sub, Polynomial.eval_X,
  ̲  ̲ ̲ ̲P̵o̵l̵y̵n̵o̵m̵i̵a̵l̵.̵e̵v̵a̵l̵_̵C̵ ̵]̵P̲o̲l̲y̲n̲o̲m̲i̲a̲l̲.̲e̲v̲a̲l̲_̲C̲]̲

Note: This linter can be disabled with `set_option linter.unusedSimpArgs false`
warning: Compfiles/Imo1988P4.lean:314:102: This simp argument is unused:
  Polynomial.eval_X

Hint: Omit it from the simp argument list.
  simp +decide [̵ ̵P̵o̵l̵y̵n̵o̵m̵i̵a̵l̵.̵e̵v̵a̵l̵_̵f̵i̵n̵s̵e̵t̵_̵s̵u̵m̵,̵[̲P̲o̲l̲y̲n̲o̲m̲i̲a̲l̲.̲e̲v̲a̲l̲_̲f̲i̲n̲s̲e̲t̲_̲s̲u̲m̲,̲ Polynomial.eval_prod, Polynomial.eval_sub,
  ̲  ̲ ̲ ̲P̵o̵l̵y̵n̵o̵m̵i̵a̵l̵.̵e̵v̵a̵l̵_̵X̵,̵ ̵P̵o̵l̵y̵n̵o̵m̵i̵a̵l̵.̵e̵v̵a̵l̵_̵C̵ ̵]̵P̲o̲l̲y̲n̲o̲m̲i̲a̲l̲.̲e̲v̲a̲l̲_̲C̲]̲

Note: This linter can be disabled with `set_option linter.unusedSimpArgs false`
warning: Compfiles/Imo1988P4.lean:315:127: This simp argument is unused:
  Polynomial.eval_C

Hint: Omit it from the simp argument list.
  simp +decide [̵ ̵P̵o̵l̵y̵n̵o̵m̵i̵a̵l̵.̵e̵v̵a̵l̵_̵p̵r̵o̵d̵,̵[̲P̲o̲l̲y̲n̲o̲m̲i̲a̲l̲.̲e̲v̲a̲l̲_̲p̲r̲o̲d̲,̲ Polynomial.eval_finset_sum,
  ̲  ̲ ̲ ̲Polynomial.eval_sub, P̵o̵l̵y̵n̵o̵m̵i̵a̵l̵.̵e̵v̵a̵l̵_̵X̵,̵ ̵P̵o̵l̵y̵n̵o̵m̵i̵a̵l̵.̵e̵v̵a̵l̵_̵C̵ ̵]̵P̲o̲l̲y̲n̲o̲m̲i̲a̲l̲.̲e̲v̲a̲l̲_̲X̲]̲

Note: This linter can be disabled with `set_option linter.unusedSimpArgs false`
⚠ [8934/8985] Replayed Compfiles.Imo1989P3
warning: Compfiles/Imo1989P3.lean:28:8: declaration uses `sorry`
⚠ [8962/8985] Replayed Compfiles.Imo2021P3
warning: Compfiles/Imo2021P3.lean:36:8: declaration uses `sorry`
⚠ [8963/8985] Replayed Compfiles.Imo2021P5
warning: Compfiles/Imo2021P5.lean:46:8: declaration uses `sorry`
⚠ [8966/8985] Replayed Compfiles.Imo2022P6
warning: Compfiles/Imo2022P6.lean:65:8: declaration uses `sorry`
⚠ [8968/8985] Replayed Compfiles.Imo2023P6
warning: Compfiles/Imo2023P6.lean:38:8: declaration uses `sorry`
⚠ [8970/8985] Replayed Compfiles.Imo2025P2
warning: Compfiles/Imo2025P2.lean:38:8: declaration uses `sorry`
⚠ [8982/8985] Replayed Compfiles.Usa2023P5
warning: Compfiles/Usa2023P5.lean:52:8: declaration uses `sorry`
⚠ [8983/8985] Built Compfiles.Imo2018P5 (8.5s)
warning: Compfiles/Imo2018P5.lean:142:28: this tactic is never executed

Note: This linter can be disabled with `set_option linter.unreachableTactic false`
warning: Compfiles/Imo2018P5.lean:142:18: 'all_goals exact ⟨hp⟩' tactic does nothing

Note: This linter can be disabled with `set_option linter.unusedTactic false`
✔ [8984/8985] Built Compfiles (3.2s)
Build completed successfully (8985 jobs).
